{"type":"server-started","port":63489,"host":"127.0.0.1","url_host":"localhost","url":"http://localhost:63489","screen_dir":"/Users/timteufl/Documents/GitHub/Grubenberechnung/.superpowers/brainstorm/91376-1780350566/content","state_dir":"/Users/timteufl/Documents/GitHub/Grubenberechnung/.superpowers/brainstorm/91376-1780350566/state"}
{"type":"screen-added","file":"/Users/timteufl/Documents/GitHub/Grubenberechnung/.superpowers/brainstorm/91376-1780350566/content/platform-vergleich.html"}
{"type":"screen-updated","file":"/Users/timteufl/Documents/GitHub/Grubenberechnung/.superpowers/brainstorm/91376-1780350566/content/platform-vergleich.html"}
{"type":"screen-updated","file":"/Users/timteufl/Documents/GitHub/Grubenberechnung/.superpowers/brainstorm/91376-1780350566/content/platform-vergleich.html"}
{"type":"screen-updated","file":"/Users/timteufl/Documents/GitHub/Grubenberechnung/.superpowers/brainstorm/91376-1780350566/content/platform-vergleich.html"}
{"type":"screen-updated","file":"/Users/timteufl/Documents/GitHub/Grubenberechnung/.superpowers/brainstorm/91376-1780350566/content/platform-vergleich.html"}
{"source":"user-event","type":"click","text":"C\n    \n      Tauri Desktop-App ★ Empfohlen\n      Echte .app-Datei, professionell, standalone","choice":"C","id":null,"timestamp":1780351077675}
{"source":"user-event","type":"click","text":"B\n    \n      Lokale Web-App\n      Schnell, leicht, startet im Browser","choice":"B","id":null,"timestamp":1780351078905}
{"source":"user-event","type":"click","text":"C\n    \n      Tauri Desktop-App ★ Empfohlen\n      Echte .app-Datei, professionell, standalone","choice":"C","id":null,"timestamp":1780351079705}
{"type":"screen-added","file":"/Users/timteufl/Documents/GitHub/Grubenberechnung/.superpowers/brainstorm/91376-1780350566/content/layout-optionen.html"}
{"type":"screen-updated","file":"/Users/timteufl/Documents/GitHub/Grubenberechnung/.superpowers/brainstorm/91376-1780350566/content/layout-optionen.html"}
{"source":"user-event","type":"click","text":"Aufträge\n          ▶ Baustelle Nord\n          Projekt Huber\n          Müller Str. 5\n          + Neu\n        \n        \n        \n          Baustelle Nord\n          02.06.2026 · Musterstr. 1\n          \n            30×60 cm\n            B:1 T:2\n          \n          \n            45×75 cm\n            B:2 T:3\n          \n          + Berechnung\n        \n      \n    \n    \n      A — Sidebar + Detail\n      Links: Auftragsliste. Rechts: Berechnungen des gewählten Auftrags. Klassisches 2-Spalten-Layout — alles auf einen Blick.","choice":"A","id":null,"timestamp":1780351271459}
{"type":"screen-updated","file":"/Users/timteufl/Documents/GitHub/Grubenberechnung/.superpowers/brainstorm/91376-1780350566/content/layout-optionen.html"}
{"source":"user-event","type":"click","text":"⛏ Grubenberechnung\n          + Neuer Auftrag\n        \n        \n        \n          \n            Baustelle Nord\n            3 Berechnungen\n            Max: B:2 T:3\n          \n          \n            Projekt Huber\n            1 Berechnung\n            Max: B:1 T:1\n          \n          \n            Müller Str. 5\n            5 Berechnungen\n            Max: B:3 T:4\n          \n          \n            +\n          \n        \n      \n    \n    \n      B — Dashboard / Karten\n      Startseite zeigt alle Aufträge als Karten. Klick öffnet den Auftrag mit allen Berechnungen. Modern, übersichtlich.","choice":"B","id":null,"timestamp":1780351273438}
{"source":"user-event","type":"click","text":"⛏ Grubenberechnung\n        \n        \n          ▶ Projekt Huber\n          1 Berechnung\n        \n        \n        \n          \n            ▼ Baustelle Nord\n            3 Berechnungen\n          \n          \n            \n              30×60 cm\n              B:1 T:2\n            \n            \n              45×75 cm\n              B:2 T:3\n            \n            + Berechnung hinzufügen\n          \n        \n        \n          ▶ Müller Str. 5\n          5 Berechnungen\n        \n      \n    \n    \n      C — Accordion / Klappliste\n      Alle Aufträge in einer scrollbaren Liste. Auftrag aufklappen → Berechnungen sichtbar. Kompakt, schnell, kein Seitenwechsel.","choice":"C","id":null,"timestamp":1780351275954}
{"source":"user-event","type":"click","text":"Aufträge\n          ▶ Baustelle Nord\n          Projekt Huber\n          Müller Str. 5\n          + Neu\n        \n        \n        \n          Baustelle Nord\n          02.06.2026 · Musterstr. 1\n          \n            30×60 cm\n            B:1 T:2\n          \n          \n            45×75 cm\n            B:2 T:3\n          \n          + Berechnung\n        \n      \n    \n    \n      A — Sidebar + Detail\n      Links: Auftragsliste. Rechts: Berechnungen des gewählten Auftrags. Klassisches 2-Spalten-Layout — alles auf einen Blick.","choice":"A","id":null,"timestamp":1780351278620}
{"source":"user-event","type":"click","text":"Aufträge\n          ▶ Baustelle Nord\n          Projekt Huber\n          Müller Str. 5\n          + Neu\n        \n        \n        \n          Baustelle Nord\n          02.06.2026 · Musterstr. 1\n          \n            30×60 cm\n            B:1 T:2\n          \n          \n            45×75 cm\n            B:2 T:3\n          \n          + Berechnung\n        \n      \n    \n    \n      A — Sidebar + Detail\n      Links: Auftragsliste. Rechts: Berechnungen des gewählten Auftrags. Klassisches 2-Spalten-Layout — alles auf einen Blick.","choice":"A","id":null,"timestamp":1780351292287}
{"source":"user-event","type":"click","text":"Aufträge\n          ▶ Baustelle Nord\n          Projekt Huber\n          Müller Str. 5\n          + Neu\n        \n        \n        \n          Baustelle Nord\n          02.06.2026 · Musterstr. 1\n          \n            30×60 cm\n            B:1 T:2\n          \n          \n            45×75 cm\n            B:2 T:3\n          \n          + Berechnung\n        \n      \n    \n    \n      A — Sidebar + Detail\n      Links: Auftragsliste. Rechts: Berechnungen des gewählten Auftrags. Klassisches 2-Spalten-Layout — alles auf einen Blick.","choice":"A","id":null,"timestamp":1780351292438}
{"source":"user-event","type":"click","text":"Aufträge\n          ▶ Baustelle Nord\n          Projekt Huber\n          Müller Str. 5\n          + Neu\n        \n        \n        \n          Baustelle Nord\n          02.06.2026 · Musterstr. 1\n          \n            30×60 cm\n            B:1 T:2\n          \n          \n            45×75 cm\n            B:2 T:3\n          \n          + Berechnung\n        \n      \n    \n    \n      A — Sidebar + Detail\n      Links: Auftragsliste. Rechts: Berechnungen des gewählten Auftrags. Klassisches 2-Spalten-Layout — alles auf einen Blick.","choice":"A","id":null,"timestamp":1780351292638}
{"type":"screen-added","file":"/Users/timteufl/Documents/GitHub/Grubenberechnung/.superpowers/brainstorm/91376-1780350566/content/farb-stil.html"}
{"type":"screen-updated","file":"/Users/timteufl/Documents/GitHub/Grubenberechnung/.superpowers/brainstorm/91376-1780350566/content/farb-stil.html"}
{"type":"screen-updated","file":"/Users/timteufl/Documents/GitHub/Grubenberechnung/.superpowers/brainstorm/91376-1780350566/content/farb-stil.html"}
{"type":"screen-updated","file":"/Users/timteufl/Documents/GitHub/Grubenberechnung/.superpowers/brainstorm/91376-1780350566/content/farb-stil.html"}
{"type":"screen-updated","file":"/Users/timteufl/Documents/GitHub/Grubenberechnung/.superpowers/brainstorm/91376-1780350566/content/farb-stil.html"}
{"source":"user-event","type":"click","text":"Aufträge\n          Baustelle Nord\n          Projekt Huber\n          Müller Str. 5\n        \n        \n          Baustelle Nord\n          02.06.2026\n          \n            30 × 60 cm\n            B:1 T:2\n          \n          \n            45 × 75 cm\n            B:2 T:3\n          \n          + Berechnung\n        \n      \n    \n    \n      A — Stahl-Blau\n      Technisch, präzise — wie Bauplan-Ästhetik. Professionell und seriös.","choice":"blau","id":null,"timestamp":1780351377588}
{"type":"screen-added","file":"/Users/timteufl/Documents/GitHub/Grubenberechnung/.superpowers/brainstorm/91376-1780350566/content/volldesign.html"}
{"type":"screen-updated","file":"/Users/timteufl/Documents/GitHub/Grubenberechnung/.superpowers/brainstorm/91376-1780350566/content/volldesign.html"}
{"type":"screen-updated","file":"/Users/timteufl/Documents/GitHub/Grubenberechnung/.superpowers/brainstorm/91376-1780350566/content/volldesign.html"}
{"type":"screen-updated","file":"/Users/timteufl/Documents/GitHub/Grubenberechnung/.superpowers/brainstorm/91376-1780350566/content/volldesign.html"}
{"type":"screen-updated","file":"/Users/timteufl/Documents/GitHub/Grubenberechnung/.superpowers/brainstorm/91376-1780350566/content/volldesign.html"}
{"type":"screen-added","file":"/Users/timteufl/Documents/GitHub/Grubenberechnung/.superpowers/brainstorm/91376-1780350566/content/volldesign-v2.html"}
{"type":"screen-updated","file":"/Users/timteufl/Documents/GitHub/Grubenberechnung/.superpowers/brainstorm/91376-1780350566/content/volldesign-v2.html"}
{"type":"screen-updated","file":"/Users/timteufl/Documents/GitHub/Grubenberechnung/.superpowers/brainstorm/91376-1780350566/content/volldesign-v2.html"}
{"type":"screen-updated","file":"/Users/timteufl/Documents/GitHub/Grubenberechnung/.superpowers/brainstorm/91376-1780350566/content/volldesign-v2.html"}
{"type":"screen-updated","file":"/Users/timteufl/Documents/GitHub/Grubenberechnung/.superpowers/brainstorm/91376-1780350566/content/volldesign-v2.html"}
{"type":"server-stopped","reason":"idle timeout"}
